// Jest Snapshot v1, https://goo.gl/fbAQLP

exports[`Details Text Component matches snapshot 1`] = `
<Text
  numberOfLines={1}
  style={
    [
      {
        "textAlign": "left",
      },
      {
        "color": "rgba(28, 27, 31, 1)",
        "writingDirection": "ltr",
      },
      [
        {
          "fontFamily": "System",
          "fontSize": 24,
          "fontWeight": "400",
          "letterSpacing": 0,
          "lineHeight": 32,
        },
        {
          "color": "#dadada",
          "textAlign": "left",
          "textDecorationLine": "none",
        },
      ],
    ]
  }
>
  test in jest with test ideas
</Text>
`;
